test_db> use movie_db                                                                                                                                                       switched to db movie_db                                                                                                                                                     movie_db> movie_db.createCollection('movies')                                                                                                                               ReferenceError: movie_db is not defined                                                                                                                                     movie_db> db.createCollection('movies');                                                                                                                                    { ok: 1 }                                                                                                                                                                   movie_db> db.movies.find(                                                                                                                                                   ... )                                                                                                                                                                                                                                                                                                                                                   movie_db> db.movies.find()                                                                                                                                                                                                                                                                                                                              movie_db> db.movies.insert({ name:"abcd",like:"no"})                                                                                                                        DeprecationWarning: Collection.insert() is deprecated. Use insertOne, insertMany, or bulkWrite.                                                                             {                                                                                                                                                                             acknowledged: true,                                                                                                                                                         insertedIds: { '0': ObjectId('66a9d1456deadcf319c4e49b') }                                                                                                                }                                                                                                                                                                           movie_db> db.movies.find()                                                                                                                                                  [                                                                                                                                                                             {                                                                                                                                                                             _id: ObjectId('66a9d1456deadcf319c4e49b'),                                                                                                                                  name: 'abcd',                                                                                                                                                               like: 'no'                                                                                                                                                                }                                                                                                                                                                         ]                                                                                                                                                                           movie_db> db.movies.insert({ name:"abcd2",like:"no"})                                                                                                                       {                                                                                                                                                                             acknowledged: true,                                                                                                                                                         insertedIds: { '0': ObjectId('66a9d15d6deadcf319c4e49c') }                                                                                                                }                                                                                                                                                                           movie_db> db.movies.insert({name:"def",like:"yes"})                                                                                                                         {                                                                                                                                                                             acknowledged: true,                                                                                                                                                         insertedIds: { '0': ObjectId('66a9d17c6deadcf319c4e49d') }                                                                                                                }                                                                                                                                                                           movie_db> db.movies.find()                                                                                                                                                  [                                                                                                                                                                             {                                                                                                                                                                             _id: ObjectId('66a9d1456deadcf319c4e49b'),                                                                                                                                  name: 'abcd',                                                                                                                                                               like: 'no'                                                                                                                                                                },                                                                                                                                                                          {                                                                                                                                                                             _id: ObjectId('66a9d15d6deadcf319c4e49c'),                                                                                                                                  name: 'abcd2',                                                                                                                                                              like: 'no'                                                                                                                                                                },                                                                                                                                                                          {                                                                                                                                                                             _id: ObjectId('66a9d17c6deadcf319c4e49d'),                                                                                                                                  name: 'def',                                                                                                                                                                like: 'yes'                                                                                                                                                               }                                                                                                                                                                         ]                                                                                                                                                                           movie_db> db.movies.find({name:"abcd"})                                                                                                                                     [                                                                                                                                                                             {                                                                                                                                                                             _id: ObjectId('66a9d1456deadcf319c4e49b'),                                                                                                                                  name: 'abcd',                                                                                                                                                               like: 'no'                                                                                                                                                                }                                                                                                                                                                         ]                                                                                                                                                                           movie_db>                                                                                                                                                                                                                                                                                                                                               movie_db> db.movies.find({name:"abcd"}                                                                                                                                      ... )                                                                                                                                                                       [                                                                                                


                                                                             {                                                                                                                                                                             _id: ObjectId('66a9d1456deadcf319c4e49b'),                                                                                                                                  name: 'abcd',                                                                                                                                                               like: 'no'                                                                                                                                                                }                                                                                                                                                                         ]      



{                                                                                                                                                                             _id: 5,                                                                                                                                                                     title: 'TANAJI',                                                                                                                                                            category: [ 'Action', 'History' ],                                                                                                                                          year: 2019,                                                                                                                                                                 revenue: 1600,                                                                                                                                                              producer: 'Rajmouli'                                                                                                                                                      }                                                                                                                                                                         ]                                                                                                                                                                           movie_db> db.movies.find({_id:"66a9d4fffef6ade47dc4e4a3"})                                                                                                                                                                                                                                                                                              movie_db> db.movies.update({_id:5},{$unset:{producer:""}})                                                                                                                  DeprecationWarning: Collection.update() is deprecated. Use updateOne, updateMany, or bulkWrite.                                                                             {                                                                                                                                                                             acknowledged: true,                                                                                                                                                         insertedId: null,                                                                                                                                                           matchedCount: 1,                                                                                                                                                            modifiedCount: 1,                                                                                                                                                           upsertedCount: 0                                                                                                                                                          }                                                                                                                                                                           movie_db> db.movies.find({_id:5})                                                                                                                                           [                                                                                                                                                                             {                                                                                                                                                                             _id: 5,                                                                                                                                                                     title: 'TANAJI',                                                                                                                                                            category: [ 'Action', 'History' ],                                                                                                                                          year: 2019,                                                                                                                                                                 revenue: 1600                                                                                                                                                             }






UPSERT====> if it exists then update it else insert a new record

db.movies.update({title:"abcd"},{$set:{year:2010}},{upsert:true})

movie_db> db.movies.update({title:"abcd"},{$set:{year:2010}},{upsert:true})
{
  acknowledged: true,
  insertedId: null,
  matchedCount: 1,
  modifiedCount: 1,
  upsertedCount: 0
}
movie_db> db.movies.find({title:"abcd"}}
Uncaught:
SyntaxError: Unexpected token, expected "," (1:29)

> 1 | db.movies.find({title:"abcd"}}
    |                              ^
  2 |

movie_db> db.movies.find({title:"abcd"})
[
  {
    _id: ObjectId('66a9d1456deadcf319c4e49b'),
    like: 'no',
    title: 'abcd',
    year: 2010
  }
]
movie_db> db.movies.update({title:"abcd3"},{$set:{year:2010}},{upsert:true})
{
  acknowledged: true,
  insertedId: ObjectId('66a9f217b4eed1f35912b544'),
  matchedCount: 0,
  modifiedCount: 0,
  upsertedCount: 1
}
movie_db> db.movies.find({title:"abcd3"})
[
  {
    _id: ObjectId('66a9f217b4eed1f35912b544'),
    title: 'abcd3',
    year: 2010
  }
]

db.test.find({"_id" : ObjectId("4ecc05e55dd98a436ddcc47c")})

db.movies.updateOne( 
	{'title':'Jailer'},{'$set':{'revenue':999} , '$setOnInsert':{	'category':'Action','year':2023,'language':'Tamil'}},
	{'upsert':true})

Use $setOnInsert when you want to set default values or initialize fields 
only during the insertion of new documents. 
Use $set for regular updates that may or may not result in new document insertions.
$gt - greater then
$gte - greater then or equal to
$lt - less then
$lte - less then or equal to
$ne - not equals to


> db.movies.find({$or:[{year:{$gt:2008}},{year:{$lt:2006}}]})   // this is how we can speicify or
 db.movies.find({year:{$lte:2014 ,$gte:2008}}) // this is AND lte and gte


db.movies.find({$or:[{year:{$ne:2020}}


 db.movies.find({$and:[{year:{$ne:1995}},{$or:[{category:"action"},{revenue:{$gt:550}}]}]})
trying the same without using and 
> db.movies.find({year:{$ne:1995},$or:[{category:"action"},{revenue:{$gt:550}}]})


Projections
db.movies.find({},{title:1}) -- displays id and title only to not get id we need explicitly mention _	id as 0   